main.c:98:6:HAL_GPIO_EXTI_Callback	24	static
main.c:135:20:ring_push	24	static
main.c:158:20:ring_pop	16	static
main.c:170:6:HAL_ADC_ConvCpltCallback	16	static
main.c:203:6:HAL_TIM_PeriodElapsedCallback	16	static
main.c:209:6:HAL_SPI_TxRxCpltCallback	16	static
main.c:239:5:main	8	static
main.c:287:6:SystemClock_Config	88	static
main.c:322:13:MX_ADC_Init	24	static
main.c:374:13:MX_SPI1_Init	8	static
main.c:413:13:MX_TIM1_Init	32	static
main.c:459:13:MX_TIM3_Init	32	static
main.c:502:13:MX_DMA_Init	16	static
main.c:523:13:MX_GPIO_Init	32	static
main.c:560:6:Error_Handler	8	static,ignoring_inline_asm
