main.c:97:6:HAL_GPIO_EXTI_Callback	16	static
main.c:110:20:ring_push	24	static
main.c:133:20:ring_pop	16	static
main.c:145:6:HAL_ADC_ConvCpltCallback	16	static
main.c:178:6:HAL_TIM_PeriodElapsedCallback	16	static
main.c:184:6:HAL_SPI_TxRxCpltCallback	16	static
main.c:214:5:main	8	static
main.c:262:6:SystemClock_Config	88	static
main.c:297:13:MX_ADC_Init	24	static
main.c:349:13:MX_SPI1_Init	8	static
main.c:388:13:MX_TIM1_Init	32	static
main.c:434:13:MX_TIM3_Init	32	static
main.c:477:13:MX_DMA_Init	16	static
main.c:498:13:MX_GPIO_Init	32	static
main.c:535:6:Error_Handler	8	static,ignoring_inline_asm
