main.c:98:6:HAL_GPIO_EXTI_Callback	24	static
main.c:134:20:ring_push	24	static
main.c:157:20:ring_pop	16	static
main.c:169:6:HAL_ADC_ConvCpltCallback	16	static
main.c:198:6:Switch_ADC_Gain_Channel	40	static
main.c:228:6:HAL_SPI_TxRxCpltCallback	24	static
main.c:258:5:main	8	static
main.c:307:6:SystemClock_Config	88	static
main.c:344:13:MX_ADC_Init	24	static
main.c:403:13:MX_SPI1_Init	8	static
main.c:442:13:MX_TIM1_Init	32	static
main.c:488:13:MX_TIM3_Init	32	static
main.c:531:13:MX_DMA_Init	16	static
main.c:552:13:MX_GPIO_Init	32	static
main.c:589:6:Error_Handler	8	static,ignoring_inline_asm
