main.c:97:6:HAL_GPIO_EXTI_Callback	16	static
main.c:110:20:ring_push	24	static
main.c:133:20:ring_pop	16	static
main.c:145:6:HAL_ADC_ConvCpltCallback	16	static
main.c:184:6:HAL_SPI_TxRxCpltCallback	16	static
main.c:214:5:main	8	static
main.c:263:6:SystemClock_Config	88	static
main.c:300:13:MX_ADC_Init	24	static
main.c:352:13:MX_SPI1_Init	8	static
main.c:391:13:MX_TIM1_Init	32	static
main.c:437:13:MX_TIM3_Init	32	static
main.c:480:13:MX_DMA_Init	16	static
main.c:501:13:MX_GPIO_Init	32	static
main.c:538:6:Error_Handler	8	static,ignoring_inline_asm
